--------------------------------------------------------------------------------
Release 14.7 Trace  (nt)
Copyright (c) 1995-2013 Xilinx, Inc.  All rights reserved.

C:\Xilinx\14.7\ISE_DS\ISE\bin\nt\unwrapped\trce.exe -intstyle ise -v 3 -s 3 -n
3 -fastpaths -xml gesamt.twx gesamt.ncd -o gesamt.twr gesamt.pcf -ucf
gesamt.ucf

Design file:              gesamt.ncd
Physical constraint file: gesamt.pcf
Device,package,speed:     xc6slx45,fgg676,C,-3 (PRODUCTION 1.23 2013-10-13)
Report level:             verbose report

Environment Variable      Effect 
--------------------      ------ 
NONE                      No environment variables were set
--------------------------------------------------------------------------------

INFO:Timing:2698 - No timing constraints found, doing default enumeration.
INFO:Timing:3412 - To improve timing, see the Timing Closure User Guide (UG612).
INFO:Timing:2752 - To get complete path coverage, use the unconstrained paths 
   option. All paths that are not constrained will be reported in the 
   unconstrained paths section(s) of the report.
INFO:Timing:3339 - The clock-to-out numbers in this timing report are based on 
   a 50 Ohm transmission line loading model.  For the details of this model, 
   and for more information on accounting for different loading conditions, 
   please see the device datasheet.



Data Sheet report:
-----------------
All values displayed in nanoseconds (ns)

Clock clk_in to Pad
------------+-----------------+------------+-----------------+------------+------------------+--------+
            |Max (slowest) clk|  Process   |Min (fastest) clk|  Process   |                  | Clock  |
Destination |  (edge) to PAD  |   Corner   |  (edge) to PAD  |   Corner   |Internal Clock(s) | Phase  |
------------+-----------------+------------+-----------------+------------+------------------+--------+
blue<0>     |        10.703(R)|      SLOW  |         6.041(R)|      FAST  |XLXN_209          |   0.000|
blue<1>     |        10.864(R)|      SLOW  |         6.138(R)|      FAST  |XLXN_209          |   0.000|
blue<2>     |        11.496(R)|      SLOW  |         6.534(R)|      FAST  |XLXN_209          |   0.000|
blue<3>     |        12.573(R)|      SLOW  |         7.186(R)|      FAST  |XLXN_209          |   0.000|
blue<4>     |        10.232(R)|      SLOW  |         5.777(R)|      FAST  |XLXN_209          |   0.000|
blue<5>     |        11.830(R)|      SLOW  |         6.792(R)|      FAST  |XLXN_209          |   0.000|
blue<6>     |        10.942(R)|      SLOW  |         6.216(R)|      FAST  |XLXN_209          |   0.000|
blue<7>     |        10.809(R)|      SLOW  |         6.083(R)|      FAST  |XLXN_209          |   0.000|
clk_monitor |         8.157(R)|      SLOW  |         4.407(R)|      FAST  |XLXN_209          |   0.000|
            |         8.132(F)|      SLOW  |         4.341(F)|      FAST  |XLXN_209          |   0.000|
green<0>    |        12.323(R)|      SLOW  |         7.055(R)|      FAST  |XLXN_209          |   0.000|
green<1>    |        10.806(R)|      SLOW  |         6.153(R)|      FAST  |XLXN_209          |   0.000|
green<2>    |        10.675(R)|      SLOW  |         6.060(R)|      FAST  |XLXN_209          |   0.000|
green<3>    |        10.711(R)|      SLOW  |         6.099(R)|      FAST  |XLXN_209          |   0.000|
green<4>    |        11.918(R)|      SLOW  |         6.768(R)|      FAST  |XLXN_209          |   0.000|
green<5>    |        10.453(R)|      SLOW  |         5.917(R)|      FAST  |XLXN_209          |   0.000|
green<6>    |        11.918(R)|      SLOW  |         6.768(R)|      FAST  |XLXN_209          |   0.000|
green<7>    |         9.861(R)|      SLOW  |         5.483(R)|      FAST  |XLXN_209          |   0.000|
red<0>      |        13.131(R)|      SLOW  |         7.648(R)|      FAST  |XLXN_209          |   0.000|
red<1>      |        13.304(R)|      SLOW  |         7.749(R)|      FAST  |XLXN_209          |   0.000|
red<2>      |        13.015(R)|      SLOW  |         7.562(R)|      FAST  |XLXN_209          |   0.000|
red<3>      |        13.117(R)|      SLOW  |         7.631(R)|      FAST  |XLXN_209          |   0.000|
red<4>      |        12.912(R)|      SLOW  |         7.523(R)|      FAST  |XLXN_209          |   0.000|
red<5>      |        12.638(R)|      SLOW  |         7.270(R)|      FAST  |XLXN_209          |   0.000|
red<6>      |        12.694(R)|      SLOW  |         7.326(R)|      FAST  |XLXN_209          |   0.000|
red<7>      |        12.533(R)|      SLOW  |         7.229(R)|      FAST  |XLXN_209          |   0.000|
sync_hor    |        10.445(R)|      SLOW  |         5.914(R)|      FAST  |XLXN_209          |   0.000|
sync_vert   |        10.604(R)|      SLOW  |         5.999(R)|      FAST  |XLXN_209          |   0.000|
------------+-----------------+------------+-----------------+------------+------------------+--------+

Clock to Setup on destination clock clk_in
---------------+---------+---------+---------+---------+
               | Src:Rise| Src:Fall| Src:Rise| Src:Fall|
Source Clock   |Dest:Rise|Dest:Rise|Dest:Fall|Dest:Fall|
---------------+---------+---------+---------+---------+
clk_in         |    7.517|         |         |         |
---------------+---------+---------+---------+---------+


Analysis completed Thu Jul 20 18:30:57 2017 
--------------------------------------------------------------------------------

Trace Settings:
-------------------------
Trace Settings 

Peak Memory Usage: 189 MB



