Release 14.7 - xst P.20131013 (nt)
Copyright (c) 1995-2013 Xilinx, Inc.  All rights reserved.
--> Parameter TMPDIR set to xst/projnav.tmp


Total REAL time to Xst completion: 0.00 secs
Total CPU time to Xst completion: 0.08 secs
 
--> Parameter xsthdpdir set to xst


Total REAL time to Xst completion: 0.00 secs
Total CPU time to Xst completion: 0.09 secs
 
--> Reading design: gesamt.prj

TABLE OF CONTENTS
  1) Synthesis Options Summary
  2) HDL Parsing
  3) HDL Elaboration
  4) HDL Synthesis
       4.1) HDL Synthesis Report
  5) Advanced HDL Synthesis
       5.1) Advanced HDL Synthesis Report
  6) Low Level Synthesis
  7) Partition Report
  8) Design Summary
       8.1) Primitive and Black Box Usage
       8.2) Device utilization summary
       8.3) Partition Resource Summary
       8.4) Timing Report
            8.4.1) Clock Information
            8.4.2) Asynchronous Control Signals Information
            8.4.3) Timing Summary
            8.4.4) Timing Details
            8.4.5) Cross Clock Domains Report


=========================================================================
*                      Synthesis Options Summary                        *
=========================================================================
---- Source Parameters
Input File Name                    : "gesamt.prj"
Ignore Synthesis Constraint File   : NO

---- Target Parameters
Output File Name                   : "gesamt"
Output Format                      : NGC
Target Device                      : xc6slx45-3-fgg676

---- Source Options
Top Module Name                    : gesamt
Automatic FSM Extraction           : YES
FSM Encoding Algorithm             : Auto
Safe Implementation                : No
FSM Style                          : LUT
RAM Extraction                     : Yes
RAM Style                          : Auto
ROM Extraction                     : Yes
Shift Register Extraction          : YES
ROM Style                          : Auto
Resource Sharing                   : YES
Asynchronous To Synchronous        : NO
Shift Register Minimum Size        : 2
Use DSP Block                      : Auto
Automatic Register Balancing       : No

---- Target Options
LUT Combining                      : Auto
Reduce Control Sets                : Auto
Add IO Buffers                     : YES
Global Maximum Fanout              : 100000
Add Generic Clock Buffer(BUFG)     : 16
Register Duplication               : YES
Optimize Instantiated Primitives   : NO
Use Clock Enable                   : Auto
Use Synchronous Set                : Auto
Use Synchronous Reset              : Auto
Pack IO Registers into IOBs        : Auto
Equivalent register Removal        : YES

---- General Options
Optimization Goal                  : Speed
Optimization Effort                : 1
Power Reduction                    : NO
Keep Hierarchy                     : No
Netlist Hierarchy                  : As_Optimized
RTL Output                         : Yes
Global Optimization                : AllClockNets
Read Cores                         : YES
Write Timing Constraints           : NO
Cross Clock Analysis               : NO
Hierarchy Separator                : /
Bus Delimiter                      : <>
Case Specifier                     : Maintain
Slice Utilization Ratio            : 100
BRAM Utilization Ratio             : 100
DSP48 Utilization Ratio            : 100
Auto BRAM Packing                  : NO
Slice Utilization Ratio Delta      : 5

=========================================================================


=========================================================================
*                          HDL Parsing                                  *
=========================================================================
Parsing VHDL file "C:\AdvancedEmbedded\EndProj\VGA_Controller.vhd" into library work
Parsing entity <VGA_Controller>.
Parsing architecture <MAIN> of entity <vga_controller>.
Parsing VHDL file "C:\AdvancedEmbedded\EndProj\MuxAddr32.vhd" into library work
Parsing entity <MuxAddr32>.
Parsing architecture <Behavioral> of entity <muxaddr32>.
Parsing VHDL file "C:\AdvancedEmbedded\EndProj\IterationWriter.vhd" into library work
Parsing entity <IterationWriter>.
Parsing architecture <Behavioral> of entity <iterationwriter>.
Parsing VHDL file "C:\AdvancedEmbedded\EndProj\ipcore_dir\clk_wiz_v3_6.vhd" into library work
Parsing entity <clk_wiz_v3_6>.
Parsing architecture <xilinx> of entity <clk_wiz_v3_6>.
Parsing VHDL file "C:\AdvancedEmbedded\EndProj\internal_ram.vhd" into library work
Parsing entity <internal_ram>.
Parsing architecture <Behavioral> of entity <internal_ram>.
Parsing VHDL file "C:\AdvancedEmbedded\EndProj\Framebuffer.vhd" into library work
Parsing entity <Framebuffer>.
Parsing architecture <Behavioral> of entity <framebuffer>.
Parsing VHDL file "C:\AdvancedEmbedded\EndProj\Conway_Ram.vhd" into library work
Parsing entity <Conway_Ram>.
Parsing architecture <Behavioral> of entity <conway_ram>.
Parsing VHDL file "C:\AdvancedEmbedded\EndProj\ConwayInitializer.vhd" into library work
Parsing entity <ConwayInitializer>.
Parsing architecture <Behavioral> of entity <conwayinitializer>.
Parsing VHDL file "C:\AdvancedEmbedded\EndProj\ConwayAutomaton.vhd" into library work
Parsing entity <ConwayAutomaton>.
Parsing architecture <Behavioral> of entity <conwayautomaton>.
Parsing VHDL file "C:\AdvancedEmbedded\EndProj\gesamt.vhf" into library work
Parsing entity <M2_1_HXILINX_gesamt>.
Parsing architecture <M2_1_HXILINX_gesamt_V> of entity <m2_1_hxilinx_gesamt>.
Parsing entity <gesamt>.
Parsing architecture <BEHAVIORAL> of entity <gesamt>.

=========================================================================
*                            HDL Elaboration                            *
=========================================================================

Elaborating entity <gesamt> (architecture <BEHAVIORAL>) from library <work>.

Elaborating entity <clk_wiz_v3_6> (architecture <xilinx>) from library <work>.

Elaborating entity <VGA_Controller> (architecture <MAIN>) from library <work>.

Elaborating entity <Framebuffer> (architecture <Behavioral>) from library <work>.

Elaborating entity <internal_ram> (architecture <Behavioral>) from library <work>.

Elaborating entity <IterationWriter> (architecture <Behavioral>) from library <work>.
WARNING:HDLCompiler:634 - "C:\AdvancedEmbedded\EndProj\IterationWriter.vhd" Line 53: Net <signal_framebuffer_x[11]> does not have a driver.
WARNING:HDLCompiler:634 - "C:\AdvancedEmbedded\EndProj\IterationWriter.vhd" Line 54: Net <signal_framebuffer_y[11]> does not have a driver.

Elaborating entity <Conway_Ram> (architecture <Behavioral>) from library <work>.

Elaborating entity <MuxAddr32> (architecture <Behavioral>) from library <work>.

Elaborating entity <M2_1_HXILINX_gesamt> (architecture <M2_1_HXILINX_gesamt_V>) from library <work>.
INFO:HDLCompiler:679 - "C:\AdvancedEmbedded\EndProj\gesamt.vhf" Line 44. Case statement is complete. others clause is never selected

Elaborating entity <ConwayInitializer> (architecture <Behavioral>) from library <work>.
WARNING:HDLCompiler:92 - "C:\AdvancedEmbedded\EndProj\ConwayInitializer.vhd" Line 53: signal_init_running should be on the sensitivity list of the process
WARNING:HDLCompiler:92 - "C:\AdvancedEmbedded\EndProj\ConwayInitializer.vhd" Line 89: signal_ram_address should be on the sensitivity list of the process
WARNING:HDLCompiler:92 - "C:\AdvancedEmbedded\EndProj\ConwayInitializer.vhd" Line 90: signal_data should be on the sensitivity list of the process
WARNING:HDLCompiler:92 - "C:\AdvancedEmbedded\EndProj\ConwayInitializer.vhd" Line 91: signal_init_running should be on the sensitivity list of the process

Elaborating entity <ConwayAutomaton> (architecture <Behavioral>) from library <work>.
WARNING:HDLCompiler:92 - "C:\AdvancedEmbedded\EndProj\ConwayAutomaton.vhd" Line 70: initmodule_init should be on the sensitivity list of the process
WARNING:HDLCompiler:1127 - "C:\AdvancedEmbedded\EndProj\ConwayAutomaton.vhd" Line 68: Assignment to signal_ram_address ignored, since the identifier is never used

=========================================================================
*                           HDL Synthesis                               *
=========================================================================

Synthesizing Unit <gesamt>.
    Related source file is "C:\AdvancedEmbedded\EndProj\gesamt.vhf".
    Set property "INIT = 0" for instance <XLXI_17>.
    Set property "SRTYPE = SYNC" for instance <XLXI_17>.
    Set property "DDR_ALIGNMENT = NONE" for instance <XLXI_17>.
    Set property "HU_SET = XLXI_50_0" for instance <XLXI_50>.
    Set property "HU_SET = XLXI_54_1" for instance <XLXI_54>.
    Summary:
	no macro.
Unit <gesamt> synthesized.

Synthesizing Unit <clk_wiz_v3_6>.
    Related source file is "C:\AdvancedEmbedded\EndProj\ipcore_dir\clk_wiz_v3_6.vhd".
    Summary:
	no macro.
Unit <clk_wiz_v3_6> synthesized.

Synthesizing Unit <VGA_Controller>.
    Related source file is "C:\AdvancedEmbedded\EndProj\VGA_Controller.vhd".
WARNING:Xst:647 - Input <data_in<7:3>> is never used. This port will be preserved and left unconnected if it belongs to a top-level block or it belongs to a sub-block and the hierarchy of this sub-block is preserved.
    Found 8-bit register for signal <green>.
    Found 8-bit register for signal <blue>.
    Found 12-bit register for signal <pixel_x>.
    Found 12-bit register for signal <pixel_y>.
    Found 7-bit register for signal <HSCALE>.
    Found 11-bit register for signal <HPOS>.
    Found 11-bit register for signal <VPOS>.
    Found 7-bit register for signal <VSCALE>.
    Found 1-bit register for signal <mutex>.
    Found 1-bit register for signal <sync_hor>.
    Found 1-bit register for signal <sync_vert>.
    Found 8-bit register for signal <red>.
    Found 7-bit adder for signal <HSCALE[6]_GND_14_o_add_5_OUT> created at line 68.
    Found 11-bit adder for signal <HPOS[10]_GND_14_o_add_14_OUT> created at line 80.
    Found 11-bit adder for signal <VPOS[10]_GND_14_o_add_16_OUT> created at line 84.
    Found 7-bit adder for signal <VSCALE[6]_GND_14_o_add_21_OUT> created at line 87.
    Found 4-bit subtractor for signal <GND_14_o_GND_14_o_sub_2_OUT<3:0>> created at line 60.
    Found 4-bit subtractor for signal <GND_14_o_GND_14_o_sub_19_OUT<3:0>> created at line 85.
    Found 11-bit comparator greater for signal <n0000> created at line 60
    Found 11-bit comparator greater for signal <n0004> created at line 60
    Found 7-bit comparator lessequal for signal <HSCALE[6]_PWR_9_o_LessThan_5_o> created at line 65
    Found 11-bit comparator greater for signal <HPOS[10]_PWR_9_o_LessThan_14_o> created at line 79
    Found 11-bit comparator greater for signal <VPOS[10]_PWR_9_o_LessThan_16_o> created at line 83
    Found 11-bit comparator greater for signal <GND_14_o_VPOS[10]_LessThan_18_o> created at line 85
    Found 7-bit comparator lessequal for signal <VSCALE[6]_GND_14_o_LessThan_21_o> created at line 86
    Found 11-bit comparator greater for signal <GND_14_o_HPOS[10]_LessThan_30_o> created at line 94
    Found 11-bit comparator greater for signal <GND_14_o_HPOS[10]_LessThan_37_o> created at line 99
    Found 11-bit comparator greater for signal <HPOS[10]_GND_14_o_LessThan_38_o> created at line 99
    Found 11-bit comparator greater for signal <GND_14_o_VPOS[10]_LessThan_39_o> created at line 99
    Found 11-bit comparator greater for signal <VPOS[10]_GND_14_o_LessThan_40_o> created at line 99
    Found 11-bit comparator greater for signal <GND_14_o_HPOS[10]_LessThan_41_o> created at line 104
    Found 11-bit comparator greater for signal <HPOS[10]_GND_14_o_LessThan_42_o> created at line 104
    Found 11-bit comparator greater for signal <GND_14_o_VPOS[10]_LessThan_46_o> created at line 112
    Found 11-bit comparator greater for signal <VPOS[10]_GND_14_o_LessThan_47_o> created at line 112
    Summary:
	inferred   6 Adder/Subtractor(s).
	inferred  87 D-type flip-flop(s).
	inferred  16 Comparator(s).
Unit <VGA_Controller> synthesized.

Synthesizing Unit <Framebuffer>.
    Related source file is "C:\AdvancedEmbedded\EndProj\Framebuffer.vhd".
    Found 32-bit register for signal <ram_address>.
    Found 1-bit register for signal <ram_we>.
    Found 8-bit register for signal <ram_data_output>.
    Found 8-bit register for signal <value_out>.
    Found 1-bit register for signal <take_data_pre>.
    Found 1-bit register for signal <writeable>.
    Found 20-bit adder for signal <n0044[19:0]> created at line 62.
    Found 20-bit adder for signal <n0047[19:0]> created at line 72.
    Found 12x7-bit multiplier for signal <data_pixel_y[11]_PWR_12_o_MuLt_0_OUT> created at line 62.
    Found 12x7-bit multiplier for signal <vga_pixel_y[11]_PWR_12_o_MuLt_4_OUT> created at line 72.
    Summary:
	inferred   2 Multiplier(s).
	inferred   2 Adder/Subtractor(s).
	inferred  51 D-type flip-flop(s).
	inferred   1 Multiplexer(s).
Unit <Framebuffer> synthesized.

Synthesizing Unit <internal_ram>.
    Related source file is "C:\AdvancedEmbedded\EndProj\internal_ram.vhd".
WARNING:Xst:647 - Input <address<31:13>> is never used. This port will be preserved and left unconnected if it belongs to a top-level block or it belongs to a sub-block and the hierarchy of this sub-block is preserved.
WARNING:Xst:3035 - Index value(s) does not match array range for signal <ram>, simulation mismatch.
    Found 5121x8-bit single-port RAM <Mram_ram> for signal <ram>.
    Found 8-bit register for signal <data_output>.
    Summary:
	inferred   1 RAM(s).
	inferred   8 D-type flip-flop(s).
Unit <internal_ram> synthesized.

Synthesizing Unit <IterationWriter>.
    Related source file is "C:\AdvancedEmbedded\EndProj\IterationWriter.vhd".
WARNING:Xst:653 - Signal <signal_framebuffer_x> is used but never assigned. This sourceless signal will be automatically connected to value GND.
WARNING:Xst:653 - Signal <signal_framebuffer_y> is used but never assigned. This sourceless signal will be automatically connected to value GND.
    Found 1-bit register for signal <engine_write_finished>.
    Found 1-bit register for signal <signal_take_data>.
    Found 7-bit register for signal <HPOS>.
    Found 2-bit register for signal <state>.
    Found 7-bit register for signal <VPOS>.
    Found 32-bit register for signal <signal_ram_address>.
    Found 8-bit register for signal <value_out_signal>.
    Found 1-bit register for signal <framebuffer_take_data>.
    Found 8-bit register for signal <framebuffer_data_out>.
    Found 32-bit register for signal <ram_addr>.
    Found 1-bit register for signal <activeRound>.
    Found finite state machine <FSM_0> for signal <state>.
    -----------------------------------------------------------------------
    | States             | 4                                              |
    | Transitions        | 7                                              |
    | Inputs             | 3                                              |
    | Outputs            | 4                                              |
    | Clock              | clk (rising_edge)                              |
    | Reset              | _n0117 (positive)                              |
    | Reset type         | synchronous                                    |
    | Reset State        | getconwayram                                   |
    | Power Up State     | getconwayram                                   |
    | Encoding           | auto                                           |
    | Implementation     | LUT                                            |
    -----------------------------------------------------------------------
    Found 16-bit subtractor for signal <GND_19_o_GND_19_o_sub_14_OUT> created at line 90.
    Found 7-bit adder for signal <HPOS[6]_GND_19_o_add_2_OUT> created at line 75.
    Found 7-bit adder for signal <VPOS[6]_GND_19_o_add_4_OUT> created at line 80.
    Found 15-bit adder for signal <n0104[14:0]> created at line 99.
    Found 7x7-bit multiplier for signal <VPOS[6]_PWR_14_o_MuLt_16_OUT> created at line 99.
    Found 7-bit comparator greater for signal <HPOS[6]_PWR_14_o_LessThan_2_o> created at line 74
    Found 7-bit comparator greater for signal <VPOS[6]_GND_19_o_LessThan_4_o> created at line 79
    WARNING:Xst:2404 -  FFs/Latches <framebuffer_addr_x<11:0>> (without init value) have a constant value of 0 in block <IterationWriter>.
    WARNING:Xst:2404 -  FFs/Latches <framebuffer_addr_y<11:0>> (without init value) have a constant value of 0 in block <IterationWriter>.
    Summary:
	inferred   1 Multiplier(s).
	inferred   4 Adder/Subtractor(s).
	inferred  98 D-type flip-flop(s).
	inferred   2 Comparator(s).
	inferred   1 Multiplexer(s).
	inferred   1 Finite State Machine(s).
Unit <IterationWriter> synthesized.

Synthesizing Unit <Conway_Ram>.
    Related source file is "C:\AdvancedEmbedded\EndProj\Conway_Ram.vhd".
WARNING:Xst:647 - Input <address<31:13>> is never used. This port will be preserved and left unconnected if it belongs to a top-level block or it belongs to a sub-block and the hierarchy of this sub-block is preserved.
WARNING:Xst:3035 - Index value(s) does not match array range for signal <ram>, simulation mismatch.
    Found 5121x1-bit single-port RAM <Mram_ram> for signal <ram>.
    Found 1-bit register for signal <data_output>.
    Summary:
	inferred   1 RAM(s).
	inferred   1 D-type flip-flop(s).
Unit <Conway_Ram> synthesized.

Synthesizing Unit <MuxAddr32>.
    Related source file is "C:\AdvancedEmbedded\EndProj\MuxAddr32.vhd".
WARNING:Xst:737 - Found 1-bit latch for signal <addrRam<30>>. Latches may be generated from incomplete case or if statements. We do not recommend the use of latches in FPGA/CPLD designs, as they may lead to timing problems.
WARNING:Xst:737 - Found 1-bit latch for signal <addrRam<29>>. Latches may be generated from incomplete case or if statements. We do not recommend the use of latches in FPGA/CPLD designs, as they may lead to timing problems.
WARNING:Xst:737 - Found 1-bit latch for signal <addrRam<28>>. Latches may be generated from incomplete case or if statements. We do not recommend the use of latches in FPGA/CPLD designs, as they may lead to timing problems.
WARNING:Xst:737 - Found 1-bit latch for signal <addrRam<27>>. Latches may be generated from incomplete case or if statements. We do not recommend the use of latches in FPGA/CPLD designs, as they may lead to timing problems.
WARNING:Xst:737 - Found 1-bit latch for signal <addrRam<26>>. Latches may be generated from incomplete case or if statements. We do not recommend the use of latches in FPGA/CPLD designs, as they may lead to timing problems.
WARNING:Xst:737 - Found 1-bit latch for signal <addrRam<25>>. Latches may be generated from incomplete case or if statements. We do not recommend the use of latches in FPGA/CPLD designs, as they may lead to timing problems.
WARNING:Xst:737 - Found 1-bit latch for signal <addrRam<24>>. Latches may be generated from incomplete case or if statements. We do not recommend the use of latches in FPGA/CPLD designs, as they may lead to timing problems.
WARNING:Xst:737 - Found 1-bit latch for signal <addrRam<23>>. Latches may be generated from incomplete case or if statements. We do not recommend the use of latches in FPGA/CPLD designs, as they may lead to timing problems.
WARNING:Xst:737 - Found 1-bit latch for signal <addrRam<22>>. Latches may be generated from incomplete case or if statements. We do not recommend the use of latches in FPGA/CPLD designs, as they may lead to timing problems.
WARNING:Xst:737 - Found 1-bit latch for signal <addrRam<21>>. Latches may be generated from incomplete case or if statements. We do not recommend the use of latches in FPGA/CPLD designs, as they may lead to timing problems.
WARNING:Xst:737 - Found 1-bit latch for signal <addrRam<20>>. Latches may be generated from incomplete case or if statements. We do not recommend the use of latches in FPGA/CPLD designs, as they may lead to timing problems.
WARNING:Xst:737 - Found 1-bit latch for signal <addrRam<19>>. Latches may be generated from incomplete case or if statements. We do not recommend the use of latches in FPGA/CPLD designs, as they may lead to timing problems.
WARNING:Xst:737 - Found 1-bit latch for signal <addrRam<18>>. Latches may be generated from incomplete case or if statements. We do not recommend the use of latches in FPGA/CPLD designs, as they may lead to timing problems.
WARNING:Xst:737 - Found 1-bit latch for signal <addrRam<17>>. Latches may be generated from incomplete case or if statements. We do not recommend the use of latches in FPGA/CPLD designs, as they may lead to timing problems.
WARNING:Xst:737 - Found 1-bit latch for signal <addrRam<16>>. Latches may be generated from incomplete case or if statements. We do not recommend the use of latches in FPGA/CPLD designs, as they may lead to timing problems.
WARNING:Xst:737 - Found 1-bit latch for signal <addrRam<15>>. Latches may be generated from incomplete case or if statements. We do not recommend the use of latches in FPGA/CPLD designs, as they may lead to timing problems.
WARNING:Xst:737 - Found 1-bit latch for signal <addrRam<14>>. Latches may be generated from incomplete case or if statements. We do not recommend the use of latches in FPGA/CPLD designs, as they may lead to timing problems.
WARNING:Xst:737 - Found 1-bit latch for signal <addrRam<13>>. Latches may be generated from incomplete case or if statements. We do not recommend the use of latches in FPGA/CPLD designs, as they may lead to timing problems.
WARNING:Xst:737 - Found 1-bit latch for signal <addrRam<12>>. Latches may be generated from incomplete case or if statements. We do not recommend the use of latches in FPGA/CPLD designs, as they may lead to timing problems.
WARNING:Xst:737 - Found 1-bit latch for signal <addrRam<11>>. Latches may be generated from incomplete case or if statements. We do not recommend the use of latches in FPGA/CPLD designs, as they may lead to timing problems.
WARNING:Xst:737 - Found 1-bit latch for signal <addrRam<10>>. Latches may be generated from incomplete case or if statements. We do not recommend the use of latches in FPGA/CPLD designs, as they may lead to timing problems.
WARNING:Xst:737 - Found 1-bit latch for signal <addrRam<9>>. Latches may be generated from incomplete case or if statements. We do not recommend the use of latches in FPGA/CPLD designs, as they may lead to timing problems.
WARNING:Xst:737 - Found 1-bit latch for signal <addrRam<8>>. Latches may be generated from incomplete case or if statements. We do not recommend the use of latches in FPGA/CPLD designs, as they may lead to timing problems.
WARNING:Xst:737 - Found 1-bit latch for signal <addrRam<7>>. Latches may be generated from incomplete case or if statements. We do not recommend the use of latches in FPGA/CPLD designs, as they may lead to timing problems.
WARNING:Xst:737 - Found 1-bit latch for signal <addrRam<6>>. Latches may be generated from incomplete case or if statements. We do not recommend the use of latches in FPGA/CPLD designs, as they may lead to timing problems.
WARNING:Xst:737 - Found 1-bit latch for signal <addrRam<5>>. Latches may be generated from incomplete case or if statements. We do not recommend the use of latches in FPGA/CPLD designs, as they may lead to timing problems.
WARNING:Xst:737 - Found 1-bit latch for signal <addrRam<4>>. Latches may be generated from incomplete case or if statements. We do not recommend the use of latches in FPGA/CPLD designs, as they may lead to timing problems.
WARNING:Xst:737 - Found 1-bit latch for signal <addrRam<3>>. Latches may be generated from incomplete case or if statements. We do not recommend the use of latches in FPGA/CPLD designs, as they may lead to timing problems.
WARNING:Xst:737 - Found 1-bit latch for signal <addrRam<2>>. Latches may be generated from incomplete case or if statements. We do not recommend the use of latches in FPGA/CPLD designs, as they may lead to timing problems.
WARNING:Xst:737 - Found 1-bit latch for signal <addrRam<1>>. Latches may be generated from incomplete case or if statements. We do not recommend the use of latches in FPGA/CPLD designs, as they may lead to timing problems.
WARNING:Xst:737 - Found 1-bit latch for signal <addrRam<0>>. Latches may be generated from incomplete case or if statements. We do not recommend the use of latches in FPGA/CPLD designs, as they may lead to timing problems.
WARNING:Xst:737 - Found 1-bit latch for signal <addrRam<31>>. Latches may be generated from incomplete case or if statements. We do not recommend the use of latches in FPGA/CPLD designs, as they may lead to timing problems.
    Summary:
	inferred  32 Latch(s).
	inferred  64 Multiplexer(s).
Unit <MuxAddr32> synthesized.

Synthesizing Unit <M2_1_HXILINX_gesamt>.
    Related source file is "C:\AdvancedEmbedded\EndProj\gesamt.vhf".
    Summary:
	inferred   1 Multiplexer(s).
Unit <M2_1_HXILINX_gesamt> synthesized.

Synthesizing Unit <ConwayInitializer>.
    Related source file is "C:\AdvancedEmbedded\EndProj\ConwayInitializer.vhd".
    Found 7-bit register for signal <VPOS>.
    Found 1-bit register for signal <signal_init_running>.
    Found 1-bit register for signal <ram_we>.
    Found 1-bit register for signal <divider>.
    Found 32-bit register for signal <signal_ram_address>.
    Found 1-bit register for signal <signal_data>.
    Found 1-bit register for signal <divider_two>.
    Found 8-bit register for signal <HPOS>.
    Found 17-bit subtractor for signal <BUS_0003_GND_56_o_sub_10_OUT> created at line 71.
    Found 8-bit adder for signal <HPOS[7]_GND_56_o_add_1_OUT> created at line 56.
    Found 7-bit adder for signal <VPOS[6]_GND_56_o_add_3_OUT> created at line 60.
    Found 16-bit adder for signal <n0090> created at line 71.
    Found 7x7-bit multiplier for signal <VPOS[6]_PWR_19_o_MuLt_7_OUT> created at line 71.
    Found 8-bit comparator greater for signal <GND_56_o_HPOS[7]_LessThan_1_o> created at line 55
    Found 7-bit comparator lessequal for signal <VPOS[6]_GND_56_o_LessThan_3_o> created at line 59
    Summary:
	inferred   1 Multiplier(s).
	inferred   4 Adder/Subtractor(s).
	inferred  52 D-type flip-flop(s).
	inferred   2 Comparator(s).
	inferred   1 Multiplexer(s).
Unit <ConwayInitializer> synthesized.

Synthesizing Unit <ConwayAutomaton>.
    Related source file is "C:\AdvancedEmbedded\EndProj\ConwayAutomaton.vhd".
WARNING:Xst:653 - Signal <ram_addr> is used but never assigned. This sourceless signal will be automatically connected to value GND.
WARNING:Xst:653 - Signal <ram_data_out> is used but never assigned. This sourceless signal will be automatically connected to value GND.
    Found 7-bit register for signal <VPOS>.
    Found 2-bit register for signal <state>.
    Found 2-bit register for signal <phase_readram>.
    Found 2-bit register for signal <phase_compute>.
    Found 1-bit register for signal <ram_we>.
    Found 1-bit register for signal <phase_write>.
    Found 1-bit register for signal <iterationWriter_start>.
    Found 1-bit register for signal <iterationWriter_inProgress>.
    Found 7-bit register for signal <HPOS>.
    Found finite state machine <FSM_1> for signal <state>.
    -----------------------------------------------------------------------
    | States             | 4                                              |
    | Transitions        | 16                                             |
    | Inputs             | 9                                              |
    | Outputs            | 3                                              |
    | Clock              | clk (rising_edge)                              |
    | Power Up State     | readram                                        |
    | Encoding           | auto                                           |
    | Implementation     | LUT                                            |
    -----------------------------------------------------------------------
    Found finite state machine <FSM_2> for signal <phase_readram>.
    -----------------------------------------------------------------------
    | States             | 3                                              |
    | Transitions        | 9                                              |
    | Inputs             | 2                                              |
    | Outputs            | 1                                              |
    | Clock              | clk (rising_edge)                              |
    | Power Up State     | readit                                         |
    | Encoding           | auto                                           |
    | Implementation     | LUT                                            |
    -----------------------------------------------------------------------
INFO:Xst:1799 - State computeit is never reached in FSM <phase_compute>.
INFO:Xst:1799 - State evaluateit is never reached in FSM <phase_compute>.
INFO:Xst:1799 - State writeit is never reached in FSM <phase_compute>.
    Found finite state machine <FSM_3> for signal <phase_compute>.
    -----------------------------------------------------------------------
    | States             | 4                                              |
    | Transitions        | 1                                              |
    | Inputs             | 5                                              |
    | Outputs            | 2                                              |
    | Clock              | clk (rising_edge)                              |
    | Power Up State     | incrementit                                    |
    | Encoding           | auto                                           |
    | Implementation     | LUT                                            |
    -----------------------------------------------------------------------
    Found 7-bit adder for signal <HPOS[6]_GND_57_o_add_31_OUT> created at line 97.
    Found 7-bit adder for signal <VPOS[6]_GND_57_o_add_33_OUT> created at line 101.
    Found 7-bit comparator greater for signal <HPOS[6]_PWR_21_o_LessThan_3_o> created at line 73
    Found 7-bit comparator greater for signal <VPOS[6]_GND_57_o_LessThan_5_o> created at line 76
    Found 7-bit comparator greater for signal <HPOS[6]_PWR_21_o_LessThan_31_o> created at line 96
    Found 7-bit comparator greater for signal <VPOS[6]_GND_57_o_LessThan_33_o> created at line 100
    Summary:
	inferred   2 Adder/Subtractor(s).
	inferred  18 D-type flip-flop(s).
	inferred   4 Comparator(s).
	inferred   6 Multiplexer(s).
	inferred   3 Finite State Machine(s).
Unit <ConwayAutomaton> synthesized.

=========================================================================
HDL Synthesis Report

Macro Statistics
# RAMs                                                 : 2
 5121x1-bit single-port RAM                            : 1
 5121x8-bit single-port RAM                            : 1
# Multipliers                                          : 4
 12x7-bit multiplier                                   : 2
 7x7-bit multiplier                                    : 2
# Adders/Subtractors                                   : 18
 11-bit adder                                          : 2
 15-bit adder                                          : 1
 16-bit adder                                          : 1
 16-bit subtractor                                     : 1
 17-bit subtractor                                     : 1
 20-bit adder                                          : 2
 4-bit subtractor                                      : 2
 7-bit adder                                           : 7
 8-bit adder                                           : 1
# Registers                                            : 44
 1-bit register                                        : 20
 11-bit register                                       : 2
 12-bit register                                       : 2
 32-bit register                                       : 4
 7-bit register                                        : 7
 8-bit register                                        : 9
# Latches                                              : 32
 1-bit latch                                           : 32
# Comparators                                          : 24
 11-bit comparator greater                             : 14
 7-bit comparator greater                              : 6
 7-bit comparator lessequal                            : 3
 8-bit comparator greater                              : 1
# Multiplexers                                         : 75
 1-bit 2-to-1 multiplexer                              : 68
 32-bit 2-to-1 multiplexer                             : 2
 7-bit 2-to-1 multiplexer                              : 5
# FSMs                                                 : 4
# Xors                                                 : 1
 1-bit xor2                                            : 1

=========================================================================

=========================================================================
*                       Advanced HDL Synthesis                          *
=========================================================================

INFO:Xst:2261 - The FF/Latch <blue_0> in Unit <XLXI_27> is equivalent to the following 7 FFs/Latches, which will be removed : <blue_1> <blue_2> <blue_3> <blue_4> <blue_5> <blue_6> <blue_7> 
INFO:Xst:2261 - The FF/Latch <pixel_y_7> in Unit <XLXI_27> is equivalent to the following 4 FFs/Latches, which will be removed : <pixel_y_8> <pixel_y_9> <pixel_y_10> <pixel_y_11> 
INFO:Xst:2261 - The FF/Latch <green_0> in Unit <XLXI_27> is equivalent to the following 7 FFs/Latches, which will be removed : <green_1> <green_2> <green_3> <green_4> <green_5> <green_6> <green_7> 
INFO:Xst:2261 - The FF/Latch <red_0> in Unit <XLXI_27> is equivalent to the following 7 FFs/Latches, which will be removed : <red_1> <red_2> <red_3> <red_4> <red_5> <red_6> <red_7> 
INFO:Xst:2261 - The FF/Latch <pixel_x_7> in Unit <XLXI_27> is equivalent to the following 4 FFs/Latches, which will be removed : <pixel_x_8> <pixel_x_9> <pixel_x_10> <pixel_x_11> 
INFO:Xst:2261 - The FF/Latch <value_out_signal_2> in Unit <XLXI_46> is equivalent to the following FF/Latch, which will be removed : <value_out_signal_5> 
INFO:Xst:2261 - The FF/Latch <value_out_signal_1> in Unit <XLXI_46> is equivalent to the following 3 FFs/Latches, which will be removed : <value_out_signal_3> <value_out_signal_4> <value_out_signal_6> 
INFO:Xst:2261 - The FF/Latch <value_out_signal_0> in Unit <XLXI_46> is equivalent to the following FF/Latch, which will be removed : <value_out_signal_7> 
INFO:Xst:2261 - The FF/Latch <framebuffer_data_out_0> in Unit <XLXI_46> is equivalent to the following FF/Latch, which will be removed : <framebuffer_data_out_7> 
INFO:Xst:2261 - The FF/Latch <framebuffer_data_out_1> in Unit <XLXI_46> is equivalent to the following 3 FFs/Latches, which will be removed : <framebuffer_data_out_3> <framebuffer_data_out_4> <framebuffer_data_out_6> 
INFO:Xst:2261 - The FF/Latch <framebuffer_data_out_2> in Unit <XLXI_46> is equivalent to the following FF/Latch, which will be removed : <framebuffer_data_out_5> 
INFO:Xst:2261 - The FF/Latch <signal_ram_address_16> in Unit <XLXI_51> is equivalent to the following 15 FFs/Latches, which will be removed : <signal_ram_address_17> <signal_ram_address_18> <signal_ram_address_19> <signal_ram_address_20> <signal_ram_address_21> <signal_ram_address_22> <signal_ram_address_23> <signal_ram_address_24> <signal_ram_address_25> <signal_ram_address_26> <signal_ram_address_27> <signal_ram_address_28> <signal_ram_address_29> <signal_ram_address_30> <signal_ram_address_31> 
INFO:Xst:2261 - The FF/Latch <iterationWriter_inProgress> in Unit <XLXI_53> is equivalent to the following FF/Latch, which will be removed : <iterationWriter_start> 
WARNING:Xst:1710 - FF/Latch <pixel_x_7> (without init value) has a constant value of 0 in block <XLXI_27>. This FF/Latch will be trimmed during the optimization process.
WARNING:Xst:1710 - FF/Latch <pixel_y_7> (without init value) has a constant value of 0 in block <XLXI_27>. This FF/Latch will be trimmed during the optimization process.
WARNING:Xst:1710 - FF/Latch <ram_data_output_1> (without init value) has a constant value of 0 in block <XLXI_29>. This FF/Latch will be trimmed during the optimization process.
WARNING:Xst:1710 - FF/Latch <ram_data_output_3> (without init value) has a constant value of 0 in block <XLXI_29>. This FF/Latch will be trimmed during the optimization process.
WARNING:Xst:1710 - FF/Latch <ram_data_output_4> (without init value) has a constant value of 0 in block <XLXI_29>. This FF/Latch will be trimmed during the optimization process.
WARNING:Xst:1710 - FF/Latch <ram_data_output_6> (without init value) has a constant value of 0 in block <XLXI_29>. This FF/Latch will be trimmed during the optimization process.
WARNING:Xst:1710 - FF/Latch <value_out_signal_1> (without init value) has a constant value of 0 in block <XLXI_46>. This FF/Latch will be trimmed during the optimization process.
WARNING:Xst:1895 - Due to other FF/Latch trimming, FF/Latch <framebuffer_data_out_1> (without init value) has a constant value of 0 in block <XLXI_46>. This FF/Latch will be trimmed during the optimization process.
WARNING:Xst:2677 - Node <value_out_3> of sequential type is unconnected in block <XLXI_29>.
WARNING:Xst:2677 - Node <value_out_4> of sequential type is unconnected in block <XLXI_29>.
WARNING:Xst:2677 - Node <value_out_5> of sequential type is unconnected in block <XLXI_29>.
WARNING:Xst:2677 - Node <value_out_6> of sequential type is unconnected in block <XLXI_29>.
WARNING:Xst:2677 - Node <value_out_7> of sequential type is unconnected in block <XLXI_29>.
WARNING:Xst:2677 - Node <ram_address_13> of sequential type is unconnected in block <XLXI_29>.
WARNING:Xst:2677 - Node <ram_address_14> of sequential type is unconnected in block <XLXI_29>.
WARNING:Xst:2677 - Node <ram_address_15> of sequential type is unconnected in block <XLXI_29>.
WARNING:Xst:2677 - Node <ram_address_16> of sequential type is unconnected in block <XLXI_29>.
WARNING:Xst:2677 - Node <ram_address_17> of sequential type is unconnected in block <XLXI_29>.
WARNING:Xst:2677 - Node <ram_address_18> of sequential type is unconnected in block <XLXI_29>.
WARNING:Xst:2677 - Node <ram_address_19> of sequential type is unconnected in block <XLXI_29>.
WARNING:Xst:2677 - Node <ram_address_20> of sequential type is unconnected in block <XLXI_29>.
WARNING:Xst:2677 - Node <ram_address_21> of sequential type is unconnected in block <XLXI_29>.
WARNING:Xst:2677 - Node <ram_address_22> of sequential type is unconnected in block <XLXI_29>.
WARNING:Xst:2677 - Node <ram_address_23> of sequential type is unconnected in block <XLXI_29>.
WARNING:Xst:2677 - Node <ram_address_24> of sequential type is unconnected in block <XLXI_29>.
WARNING:Xst:2677 - Node <ram_address_25> of sequential type is unconnected in block <XLXI_29>.
WARNING:Xst:2677 - Node <ram_address_26> of sequential type is unconnected in block <XLXI_29>.
WARNING:Xst:2677 - Node <ram_address_27> of sequential type is unconnected in block <XLXI_29>.
WARNING:Xst:2677 - Node <ram_address_28> of sequential type is unconnected in block <XLXI_29>.
WARNING:Xst:2677 - Node <ram_address_29> of sequential type is unconnected in block <XLXI_29>.
WARNING:Xst:2677 - Node <ram_address_30> of sequential type is unconnected in block <XLXI_29>.
WARNING:Xst:2677 - Node <ram_address_31> of sequential type is unconnected in block <XLXI_29>.
WARNING:Xst:2677 - Node <data_output_3> of sequential type is unconnected in block <XLXI_30>.
WARNING:Xst:2677 - Node <data_output_4> of sequential type is unconnected in block <XLXI_30>.
WARNING:Xst:2677 - Node <data_output_5> of sequential type is unconnected in block <XLXI_30>.
WARNING:Xst:2677 - Node <data_output_6> of sequential type is unconnected in block <XLXI_30>.
WARNING:Xst:2677 - Node <data_output_7> of sequential type is unconnected in block <XLXI_30>.
WARNING:Xst:2677 - Node <signal_ram_address_13> of sequential type is unconnected in block <XLXI_46>.
WARNING:Xst:2677 - Node <signal_ram_address_14> of sequential type is unconnected in block <XLXI_46>.
WARNING:Xst:2677 - Node <signal_ram_address_15> of sequential type is unconnected in block <XLXI_46>.
WARNING:Xst:2677 - Node <signal_ram_address_16> of sequential type is unconnected in block <XLXI_46>.
WARNING:Xst:2677 - Node <signal_ram_address_17> of sequential type is unconnected in block <XLXI_46>.
WARNING:Xst:2677 - Node <signal_ram_address_18> of sequential type is unconnected in block <XLXI_46>.
WARNING:Xst:2677 - Node <signal_ram_address_19> of sequential type is unconnected in block <XLXI_46>.
WARNING:Xst:2677 - Node <signal_ram_address_20> of sequential type is unconnected in block <XLXI_46>.
WARNING:Xst:2677 - Node <signal_ram_address_21> of sequential type is unconnected in block <XLXI_46>.
WARNING:Xst:2677 - Node <signal_ram_address_22> of sequential type is unconnected in block <XLXI_46>.
WARNING:Xst:2677 - Node <signal_ram_address_23> of sequential type is unconnected in block <XLXI_46>.
WARNING:Xst:2677 - Node <signal_ram_address_24> of sequential type is unconnected in block <XLXI_46>.
WARNING:Xst:2677 - Node <signal_ram_address_25> of sequential type is unconnected in block <XLXI_46>.
WARNING:Xst:2677 - Node <signal_ram_address_26> of sequential type is unconnected in block <XLXI_46>.
WARNING:Xst:2677 - Node <signal_ram_address_27> of sequential type is unconnected in block <XLXI_46>.
WARNING:Xst:2677 - Node <signal_ram_address_28> of sequential type is unconnected in block <XLXI_46>.
WARNING:Xst:2677 - Node <signal_ram_address_29> of sequential type is unconnected in block <XLXI_46>.
WARNING:Xst:2677 - Node <signal_ram_address_30> of sequential type is unconnected in block <XLXI_46>.
WARNING:Xst:2677 - Node <signal_ram_address_31> of sequential type is unconnected in block <XLXI_46>.
WARNING:Xst:2677 - Node <ram_addr_13> of sequential type is unconnected in block <XLXI_46>.
WARNING:Xst:2677 - Node <ram_addr_14> of sequential type is unconnected in block <XLXI_46>.
WARNING:Xst:2677 - Node <ram_addr_15> of sequential type is unconnected in block <XLXI_46>.
WARNING:Xst:2677 - Node <ram_addr_16> of sequential type is unconnected in block <XLXI_46>.
WARNING:Xst:2677 - Node <ram_addr_17> of sequential type is unconnected in block <XLXI_46>.
WARNING:Xst:2677 - Node <ram_addr_18> of sequential type is unconnected in block <XLXI_46>.
WARNING:Xst:2677 - Node <ram_addr_19> of sequential type is unconnected in block <XLXI_46>.
WARNING:Xst:2677 - Node <ram_addr_20> of sequential type is unconnected in block <XLXI_46>.
WARNING:Xst:2677 - Node <ram_addr_21> of sequential type is unconnected in block <XLXI_46>.
WARNING:Xst:2677 - Node <ram_addr_22> of sequential type is unconnected in block <XLXI_46>.
WARNING:Xst:2677 - Node <ram_addr_23> of sequential type is unconnected in block <XLXI_46>.
WARNING:Xst:2677 - Node <ram_addr_24> of sequential type is unconnected in block <XLXI_46>.
WARNING:Xst:2677 - Node <ram_addr_25> of sequential type is unconnected in block <XLXI_46>.
WARNING:Xst:2677 - Node <ram_addr_26> of sequential type is unconnected in block <XLXI_46>.
WARNING:Xst:2677 - Node <ram_addr_27> of sequential type is unconnected in block <XLXI_46>.
WARNING:Xst:2677 - Node <ram_addr_28> of sequential type is unconnected in block <XLXI_46>.
WARNING:Xst:2677 - Node <ram_addr_29> of sequential type is unconnected in block <XLXI_46>.
WARNING:Xst:2677 - Node <ram_addr_30> of sequential type is unconnected in block <XLXI_46>.
WARNING:Xst:2677 - Node <ram_addr_31> of sequential type is unconnected in block <XLXI_46>.
WARNING:Xst:2677 - Node <signal_ram_address_13> of sequential type is unconnected in block <XLXI_51>.
WARNING:Xst:2677 - Node <signal_ram_address_14> of sequential type is unconnected in block <XLXI_51>.
WARNING:Xst:2677 - Node <signal_ram_address_15> of sequential type is unconnected in block <XLXI_51>.
WARNING:Xst:2677 - Node <signal_ram_address_16> of sequential type is unconnected in block <XLXI_51>.
WARNING:Xst:2404 -  FFs/Latches <pixel_x<11:7>> (without init value) have a constant value of 0 in block <VGA_Controller>.
WARNING:Xst:2404 -  FFs/Latches <pixel_y<11:7>> (without init value) have a constant value of 0 in block <VGA_Controller>.

Synthesizing (advanced) Unit <ConwayInitializer>.
The following registers are absorbed into counter <VPOS>: 1 register on signal <VPOS>.
The following registers are absorbed into counter <HPOS>: 1 register on signal <HPOS>.
	Multiplier <Mmult_VPOS[6]_PWR_19_o_MuLt_7_OUT> in block <ConwayInitializer> and adder/subtractor <Madd_n0090> in block <ConwayInitializer> are combined into a MAC<Maddsub_VPOS[6]_PWR_19_o_MuLt_7_OUT>.
Unit <ConwayInitializer> synthesized (advanced).

Synthesizing (advanced) Unit <Conway_Ram>.
INFO:Xst:3226 - The RAM <Mram_ram> will be implemented as a BLOCK RAM, absorbing the following register(s): <data_output>
    -----------------------------------------------------------------------
    | ram_type           | Block                               |          |
    -----------------------------------------------------------------------
    | Port A                                                              |
    |     aspect ratio   | 5121-word x 1-bit                   |          |
    |     mode           | read-first                          |          |
    |     clkA           | connected to signal <clk>           | rise     |
    |     weA            | connected to signal <we>            | high     |
    |     addrA          | connected to signal <address>       |          |
    |     diA            | connected to signal <data_input>    |          |
    |     doA            | connected to signal <data_output>   |          |
    -----------------------------------------------------------------------
    | optimization       | speed                               |          |
    -----------------------------------------------------------------------
Unit <Conway_Ram> synthesized (advanced).

Synthesizing (advanced) Unit <Framebuffer>.
	Multiplier <Mmult_vga_pixel_y[11]_PWR_12_o_MuLt_4_OUT> in block <Framebuffer> and adder/subtractor <Madd_n0047[19:0]> in block <Framebuffer> are combined into a MAC<Maddsub_vga_pixel_y[11]_PWR_12_o_MuLt_4_OUT>.
	Multiplier <Mmult_data_pixel_y[11]_PWR_12_o_MuLt_0_OUT> in block <Framebuffer> and adder/subtractor <Madd_n0044[19:0]> in block <Framebuffer> are combined into a MAC<Maddsub_data_pixel_y[11]_PWR_12_o_MuLt_0_OUT>.
Unit <Framebuffer> synthesized (advanced).

Synthesizing (advanced) Unit <IterationWriter>.
The following registers are absorbed into counter <HPOS>: 1 register on signal <HPOS>.
The following registers are absorbed into counter <VPOS>: 1 register on signal <VPOS>.
	Multiplier <Mmult_VPOS[6]_PWR_14_o_MuLt_16_OUT> in block <IterationWriter> and adder/subtractor <Madd_n0104[14:0]> in block <IterationWriter> are combined into a MAC<Maddsub_VPOS[6]_PWR_14_o_MuLt_16_OUT>.
Unit <IterationWriter> synthesized (advanced).

Synthesizing (advanced) Unit <VGA_Controller>.
The following registers are absorbed into counter <HPOS>: 1 register on signal <HPOS>.
The following registers are absorbed into counter <VPOS>: 1 register on signal <VPOS>.
The following registers are absorbed into counter <VSCALE>: 1 register on signal <VSCALE>.
The following registers are absorbed into counter <HSCALE>: 1 register on signal <HSCALE>.
Unit <VGA_Controller> synthesized (advanced).

Synthesizing (advanced) Unit <gesamt>.
INFO:Xst:3226 - The RAM <XLXI_30/Mram_ram> will be implemented as a BLOCK RAM, absorbing the following register(s): <XLXI_30/data_output>
    -----------------------------------------------------------------------
    | ram_type           | Block                               |          |
    -----------------------------------------------------------------------
    | Port A                                                              |
    |     aspect ratio   | 5121-word x 8-bit                   |          |
    |     mode           | read-first                          |          |
    |     clkA           | connected to signal <XLXN_209>      | rise     |
    |     weA            | connected to signal <XLXN_63>       | high     |
    |     addrA          | connected to signal <XLXN_78>       |          |
    |     diA            | connected to signal <XLXN_94>       |          |
    |     doA            | connected to signal <XLXN_96>       |          |
    -----------------------------------------------------------------------
    | optimization       | speed                               |          |
    -----------------------------------------------------------------------
Unit <gesamt> synthesized (advanced).
WARNING:Xst:2677 - Node <XLXI_29/ram_address_13> of sequential type is unconnected in block <gesamt>.
WARNING:Xst:2677 - Node <XLXI_29/ram_address_14> of sequential type is unconnected in block <gesamt>.
WARNING:Xst:2677 - Node <XLXI_29/ram_address_15> of sequential type is unconnected in block <gesamt>.
WARNING:Xst:2677 - Node <XLXI_29/ram_address_16> of sequential type is unconnected in block <gesamt>.
WARNING:Xst:2677 - Node <XLXI_29/ram_address_17> of sequential type is unconnected in block <gesamt>.
WARNING:Xst:2677 - Node <XLXI_29/ram_address_18> of sequential type is unconnected in block <gesamt>.
WARNING:Xst:2677 - Node <XLXI_29/ram_address_19> of sequential type is unconnected in block <gesamt>.
WARNING:Xst:2677 - Node <XLXI_29/ram_address_20> of sequential type is unconnected in block <gesamt>.
WARNING:Xst:2677 - Node <XLXI_29/ram_address_21> of sequential type is unconnected in block <gesamt>.
WARNING:Xst:2677 - Node <XLXI_29/ram_address_22> of sequential type is unconnected in block <gesamt>.
WARNING:Xst:2677 - Node <XLXI_29/ram_address_23> of sequential type is unconnected in block <gesamt>.
WARNING:Xst:2677 - Node <XLXI_29/ram_address_24> of sequential type is unconnected in block <gesamt>.
WARNING:Xst:2677 - Node <XLXI_29/ram_address_25> of sequential type is unconnected in block <gesamt>.
WARNING:Xst:2677 - Node <XLXI_29/ram_address_26> of sequential type is unconnected in block <gesamt>.
WARNING:Xst:2677 - Node <XLXI_29/ram_address_27> of sequential type is unconnected in block <gesamt>.
WARNING:Xst:2677 - Node <XLXI_29/ram_address_28> of sequential type is unconnected in block <gesamt>.
WARNING:Xst:2677 - Node <XLXI_29/ram_address_29> of sequential type is unconnected in block <gesamt>.
WARNING:Xst:2677 - Node <XLXI_29/ram_address_30> of sequential type is unconnected in block <gesamt>.
WARNING:Xst:2677 - Node <XLXI_29/ram_address_31> of sequential type is unconnected in block <gesamt>.

=========================================================================
Advanced HDL Synthesis Report

Macro Statistics
# RAMs                                                 : 2
 5121x1-bit single-port block RAM                      : 1
 5121x8-bit single-port block RAM                      : 1
# MACs                                                 : 4
 12x7-to-20-bit MAC                                    : 2
 7x7-to-15-bit MAC                                     : 1
 7x7-to-16-bit MAC                                     : 1
# Adders/Subtractors                                   : 6
 16-bit subtractor                                     : 1
 17-bit subtractor                                     : 1
 4-bit subtractor                                      : 2
 7-bit adder                                           : 2
# Counters                                             : 8
 11-bit up counter                                     : 2
 7-bit up counter                                      : 5
 8-bit up counter                                      : 1
# Registers                                            : 212
 Flip-Flops                                            : 212
# Comparators                                          : 24
 11-bit comparator greater                             : 14
 7-bit comparator greater                              : 6
 7-bit comparator lessequal                            : 3
 8-bit comparator greater                              : 1
# Multiplexers                                         : 72
 1-bit 2-to-1 multiplexer                              : 65
 32-bit 2-to-1 multiplexer                             : 2
 7-bit 2-to-1 multiplexer                              : 5
# FSMs                                                 : 4
# Xors                                                 : 1
 1-bit xor2                                            : 1

=========================================================================

=========================================================================
*                         Low Level Synthesis                           *
=========================================================================
WARNING:Xst:1710 - FF/Latch <value_out_signal_1> (without init value) has a constant value of 0 in block <IterationWriter>. This FF/Latch will be trimmed during the optimization process.
WARNING:Xst:1895 - Due to other FF/Latch trimming, FF/Latch <value_out_signal_3> (without init value) has a constant value of 0 in block <IterationWriter>. This FF/Latch will be trimmed during the optimization process.
WARNING:Xst:1895 - Due to other FF/Latch trimming, FF/Latch <value_out_signal_4> (without init value) has a constant value of 0 in block <IterationWriter>. This FF/Latch will be trimmed during the optimization process.
WARNING:Xst:1895 - Due to other FF/Latch trimming, FF/Latch <value_out_signal_6> (without init value) has a constant value of 0 in block <IterationWriter>. This FF/Latch will be trimmed during the optimization process.
WARNING:Xst:1895 - Due to other FF/Latch trimming, FF/Latch <framebuffer_data_out_1> (without init value) has a constant value of 0 in block <IterationWriter>. This FF/Latch will be trimmed during the optimization process.
WARNING:Xst:1895 - Due to other FF/Latch trimming, FF/Latch <framebuffer_data_out_3> (without init value) has a constant value of 0 in block <IterationWriter>. This FF/Latch will be trimmed during the optimization process.
WARNING:Xst:1895 - Due to other FF/Latch trimming, FF/Latch <framebuffer_data_out_4> (without init value) has a constant value of 0 in block <IterationWriter>. This FF/Latch will be trimmed during the optimization process.
WARNING:Xst:1895 - Due to other FF/Latch trimming, FF/Latch <framebuffer_data_out_6> (without init value) has a constant value of 0 in block <IterationWriter>. This FF/Latch will be trimmed during the optimization process.
INFO:Xst:2261 - The FF/Latch <blue_0> in Unit <VGA_Controller> is equivalent to the following 7 FFs/Latches, which will be removed : <blue_1> <blue_2> <blue_3> <blue_4> <blue_5> <blue_6> <blue_7> 
INFO:Xst:2261 - The FF/Latch <green_0> in Unit <VGA_Controller> is equivalent to the following 7 FFs/Latches, which will be removed : <green_1> <green_2> <green_3> <green_4> <green_5> <green_6> <green_7> 
INFO:Xst:2261 - The FF/Latch <red_0> in Unit <VGA_Controller> is equivalent to the following 7 FFs/Latches, which will be removed : <red_1> <red_2> <red_3> <red_4> <red_5> <red_6> <red_7> 
INFO:Xst:2261 - The FF/Latch <value_out_signal_0> in Unit <IterationWriter> is equivalent to the following FF/Latch, which will be removed : <value_out_signal_7> 
INFO:Xst:2261 - The FF/Latch <value_out_signal_2> in Unit <IterationWriter> is equivalent to the following FF/Latch, which will be removed : <value_out_signal_5> 
INFO:Xst:2261 - The FF/Latch <framebuffer_data_out_0> in Unit <IterationWriter> is equivalent to the following FF/Latch, which will be removed : <framebuffer_data_out_7> 
INFO:Xst:2261 - The FF/Latch <framebuffer_data_out_2> in Unit <IterationWriter> is equivalent to the following FF/Latch, which will be removed : <framebuffer_data_out_5> 
INFO:Xst:2261 - The FF/Latch <signal_ram_address_16> in Unit <ConwayInitializer> is equivalent to the following 15 FFs/Latches, which will be removed : <signal_ram_address_17> <signal_ram_address_18> <signal_ram_address_19> <signal_ram_address_20> <signal_ram_address_21> <signal_ram_address_22> <signal_ram_address_23> <signal_ram_address_24> <signal_ram_address_25> <signal_ram_address_26> <signal_ram_address_27> <signal_ram_address_28> <signal_ram_address_29> <signal_ram_address_30> <signal_ram_address_31> 
INFO:Xst:2261 - The FF/Latch <iterationWriter_inProgress> in Unit <ConwayAutomaton> is equivalent to the following FF/Latch, which will be removed : <iterationWriter_start> 
INFO:Xst:2261 - The FF/Latch <phase_write> in Unit <ConwayAutomaton> is equivalent to the following FF/Latch, which will be removed : <iterationWriter_inProgress> 
Analyzing FSM <MFsm> for best encoding.
Optimizing FSM <XLXI_46/FSM_0> on signal <state[1:2]> with user encoding.
--------------------------
 State        | Encoding
--------------------------
 getconwayram | 00
 computepixel | 01
 setpixel     | 10
 writepixel   | 11
--------------------------
Analyzing FSM <MFsm> for best encoding.
Optimizing FSM <XLXI_53/FSM_2> on signal <phase_readram[1:2]> with gray encoding.
-----------------------
 State     | Encoding
-----------------------
 readit    | 00
 computeit | 01
 writeit   | 11
-----------------------
Analyzing FSM <MFsm> for best encoding.
Optimizing FSM <XLXI_53/FSM_3> on signal <phase_compute[1:2]> with user encoding.
-------------------------
 State       | Encoding
-------------------------
 incrementit | 00
 computeit   | unreached
 evaluateit  | unreached
 writeit     | unreached
-------------------------
Analyzing FSM <MFsm> for best encoding.
Optimizing FSM <XLXI_53/FSM_1> on signal <state[1:2]> with gray encoding.
-------------------------
 State       | Encoding
-------------------------
 readram     | 00
 compute     | 01
 writebuffer | 11
 waittime    | 10
-------------------------
INFO:Xst:2261 - The FF/Latch <signal_ram_address_15> in Unit <IterationWriter> is equivalent to the following 16 FFs/Latches, which will be removed : <signal_ram_address_16> <signal_ram_address_17> <signal_ram_address_18> <signal_ram_address_19> <signal_ram_address_20> <signal_ram_address_21> <signal_ram_address_22> <signal_ram_address_23> <signal_ram_address_24> <signal_ram_address_25> <signal_ram_address_26> <signal_ram_address_27> <signal_ram_address_28> <signal_ram_address_29> <signal_ram_address_30> <signal_ram_address_31> 
INFO:Xst:2261 - The FF/Latch <ram_addr_15> in Unit <IterationWriter> is equivalent to the following 16 FFs/Latches, which will be removed : <ram_addr_16> <ram_addr_17> <ram_addr_18> <ram_addr_19> <ram_addr_20> <ram_addr_21> <ram_addr_22> <ram_addr_23> <ram_addr_24> <ram_addr_25> <ram_addr_26> <ram_addr_27> <ram_addr_28> <ram_addr_29> <ram_addr_30> <ram_addr_31> 

Optimizing unit <gesamt> ...

Optimizing unit <VGA_Controller> ...

Optimizing unit <IterationWriter> ...

Optimizing unit <ConwayInitializer> ...

Optimizing unit <ConwayAutomaton> ...

Optimizing unit <MuxAddr32> ...
WARNING:Xst:1294 - Latch <addrRam_29> is equivalent to a wire in block <MuxAddr32>.
WARNING:Xst:1294 - Latch <addrRam_30> is equivalent to a wire in block <MuxAddr32>.
WARNING:Xst:1294 - Latch <addrRam_26> is equivalent to a wire in block <MuxAddr32>.
WARNING:Xst:1294 - Latch <addrRam_28> is equivalent to a wire in block <MuxAddr32>.
WARNING:Xst:1294 - Latch <addrRam_27> is equivalent to a wire in block <MuxAddr32>.
WARNING:Xst:1294 - Latch <addrRam_23> is equivalent to a wire in block <MuxAddr32>.
WARNING:Xst:1294 - Latch <addrRam_25> is equivalent to a wire in block <MuxAddr32>.
WARNING:Xst:1294 - Latch <addrRam_24> is equivalent to a wire in block <MuxAddr32>.
WARNING:Xst:1294 - Latch <addrRam_20> is equivalent to a wire in block <MuxAddr32>.
WARNING:Xst:1294 - Latch <addrRam_22> is equivalent to a wire in block <MuxAddr32>.
WARNING:Xst:1294 - Latch <addrRam_21> is equivalent to a wire in block <MuxAddr32>.
WARNING:Xst:1294 - Latch <addrRam_17> is equivalent to a wire in block <MuxAddr32>.
WARNING:Xst:1294 - Latch <addrRam_19> is equivalent to a wire in block <MuxAddr32>.
WARNING:Xst:1294 - Latch <addrRam_18> is equivalent to a wire in block <MuxAddr32>.
WARNING:Xst:1294 - Latch <addrRam_14> is equivalent to a wire in block <MuxAddr32>.
WARNING:Xst:1294 - Latch <addrRam_16> is equivalent to a wire in block <MuxAddr32>.
WARNING:Xst:1294 - Latch <addrRam_15> is equivalent to a wire in block <MuxAddr32>.
WARNING:Xst:1294 - Latch <addrRam_11> is equivalent to a wire in block <MuxAddr32>.
WARNING:Xst:1294 - Latch <addrRam_13> is equivalent to a wire in block <MuxAddr32>.
WARNING:Xst:1294 - Latch <addrRam_12> is equivalent to a wire in block <MuxAddr32>.
WARNING:Xst:1294 - Latch <addrRam_8> is equivalent to a wire in block <MuxAddr32>.
WARNING:Xst:1294 - Latch <addrRam_10> is equivalent to a wire in block <MuxAddr32>.
WARNING:Xst:1294 - Latch <addrRam_9> is equivalent to a wire in block <MuxAddr32>.
WARNING:Xst:1294 - Latch <addrRam_5> is equivalent to a wire in block <MuxAddr32>.
WARNING:Xst:1294 - Latch <addrRam_7> is equivalent to a wire in block <MuxAddr32>.
WARNING:Xst:1294 - Latch <addrRam_6> is equivalent to a wire in block <MuxAddr32>.
WARNING:Xst:1294 - Latch <addrRam_2> is equivalent to a wire in block <MuxAddr32>.
WARNING:Xst:1294 - Latch <addrRam_4> is equivalent to a wire in block <MuxAddr32>.
WARNING:Xst:1294 - Latch <addrRam_3> is equivalent to a wire in block <MuxAddr32>.
WARNING:Xst:1294 - Latch <addrRam_31> is equivalent to a wire in block <MuxAddr32>.
WARNING:Xst:1294 - Latch <addrRam_1> is equivalent to a wire in block <MuxAddr32>.
WARNING:Xst:1294 - Latch <addrRam_0> is equivalent to a wire in block <MuxAddr32>.

Optimizing unit <M2_1_HXILINX_gesamt> ...
WARNING:Xst:1710 - FF/Latch <XLXI_29/ram_data_output_1> (without init value) has a constant value of 0 in block <gesamt>. This FF/Latch will be trimmed during the optimization process.
WARNING:Xst:1710 - FF/Latch <XLXI_29/ram_data_output_3> (without init value) has a constant value of 0 in block <gesamt>. This FF/Latch will be trimmed during the optimization process.
WARNING:Xst:2677 - Node <XLXI_29/ram_data_output_4> of sequential type is unconnected in block <gesamt>.
WARNING:Xst:2677 - Node <XLXI_29/ram_data_output_5> of sequential type is unconnected in block <gesamt>.
WARNING:Xst:2677 - Node <XLXI_29/ram_data_output_6> of sequential type is unconnected in block <gesamt>.
WARNING:Xst:2677 - Node <XLXI_29/ram_data_output_7> of sequential type is unconnected in block <gesamt>.
WARNING:Xst:2677 - Node <XLXI_29/value_out_3> of sequential type is unconnected in block <gesamt>.
WARNING:Xst:2677 - Node <XLXI_29/value_out_4> of sequential type is unconnected in block <gesamt>.
WARNING:Xst:2677 - Node <XLXI_29/value_out_5> of sequential type is unconnected in block <gesamt>.
WARNING:Xst:2677 - Node <XLXI_29/value_out_6> of sequential type is unconnected in block <gesamt>.
WARNING:Xst:2677 - Node <XLXI_29/value_out_7> of sequential type is unconnected in block <gesamt>.
WARNING:Xst:2677 - Node <XLXI_30/Mram_ram3> of sequential type is unconnected in block <gesamt>.
WARNING:Xst:2677 - Node <XLXI_30/Mram_ram4> of sequential type is unconnected in block <gesamt>.
WARNING:Xst:2677 - Node <XLXI_46/ram_addr_15> of sequential type is unconnected in block <gesamt>.
WARNING:Xst:2677 - Node <XLXI_46/ram_addr_14> of sequential type is unconnected in block <gesamt>.
WARNING:Xst:2677 - Node <XLXI_46/ram_addr_13> of sequential type is unconnected in block <gesamt>.
WARNING:Xst:2677 - Node <XLXI_46/signal_ram_address_15> of sequential type is unconnected in block <gesamt>.
WARNING:Xst:2677 - Node <XLXI_46/signal_ram_address_14> of sequential type is unconnected in block <gesamt>.
WARNING:Xst:2677 - Node <XLXI_46/signal_ram_address_13> of sequential type is unconnected in block <gesamt>.
WARNING:Xst:2677 - Node <XLXI_51/signal_ram_address_16> of sequential type is unconnected in block <gesamt>.
WARNING:Xst:2677 - Node <XLXI_51/signal_ram_address_15> of sequential type is unconnected in block <gesamt>.
WARNING:Xst:2677 - Node <XLXI_51/signal_ram_address_14> of sequential type is unconnected in block <gesamt>.
WARNING:Xst:2677 - Node <XLXI_51/signal_ram_address_13> of sequential type is unconnected in block <gesamt>.
WARNING:Xst:1293 - FF/Latch <XLXI_27/VSCALE_6> has a constant value of 0 in block <gesamt>. This FF/Latch will be trimmed during the optimization process.
WARNING:Xst:1293 - FF/Latch <XLXI_46/VPOS_6> has a constant value of 0 in block <gesamt>. This FF/Latch will be trimmed during the optimization process.
WARNING:Xst:1293 - FF/Latch <XLXI_51/VPOS_6> has a constant value of 0 in block <gesamt>. This FF/Latch will be trimmed during the optimization process.
WARNING:Xst:1710 - FF/Latch <XLXI_53/ram_we> (without init value) has a constant value of 0 in block <gesamt>. This FF/Latch will be trimmed during the optimization process.
WARNING:Xst:1293 - FF/Latch <XLXI_53/VPOS_6> has a constant value of 0 in block <gesamt>. This FF/Latch will be trimmed during the optimization process.
WARNING:Xst:1895 - Due to other FF/Latch trimming, FF/Latch <XLXI_27/pixel_y_6> (without init value) has a constant value of 0 in block <gesamt>. This FF/Latch will be trimmed during the optimization process.
INFO:Xst:3203 - The FF/Latch <XLXI_46/engine_write_finished> in Unit <gesamt> is the opposite to the following FF/Latch, which will be removed : <XLXI_46/activeRound> 
INFO:Xst:3203 - The FF/Latch <XLXI_46/value_out_signal_2> in Unit <gesamt> is the opposite to the following FF/Latch, which will be removed : <XLXI_46/value_out_signal_0> 

Mapping all equations...
Building and optimizing final netlist ...
Found area constraint ratio of 100 (+ 5) on block gesamt, actual ratio is 1.

Final Macro Processing ...

=========================================================================
Final Register Report

Macro Statistics
# Registers                                            : 159
 Flip-Flops                                            : 159

=========================================================================

=========================================================================
*                           Partition Report                            *
=========================================================================

Partition Implementation Status
-------------------------------

  No Partitions were found in this design.

-------------------------------

=========================================================================
*                            Design Summary                             *
=========================================================================

Top Level Output File Name         : gesamt.ngc

Primitive and Black Box Usage:
------------------------------
# BELS                             : 346
#      BUF                         : 1
#      GND                         : 1
#      INV                         : 33
#      LUT1                        : 29
#      LUT2                        : 11
#      LUT3                        : 50
#      LUT4                        : 39
#      LUT5                        : 32
#      LUT6                        : 42
#      MUXCY                       : 51
#      VCC                         : 1
#      XORCY                       : 56
# FlipFlops/Latches                : 160
#      FD                          : 35
#      FDE                         : 60
#      FDR                         : 13
#      FDRE                        : 51
#      ODDR2                       : 1
# RAMS                             : 3
#      RAMB16BWER                  : 2
#      RAMB8BWER                   : 1
# Clock Buffers                    : 1
#      BUFG                        : 1
# IO Buffers                       : 28
#      IBUFG                       : 1
#      OBUF                        : 27
# DCMs                             : 1
#      DCM_SP                      : 1
# DSPs                             : 4
#      DSP48A1                     : 4

Device utilization summary:
---------------------------

Selected Device : 6slx45fgg676-3 


Slice Logic Utilization: 
 Number of Slice Registers:             160  out of  54576     0%  
 Number of Slice LUTs:                  236  out of  27288     0%  
    Number used as Logic:               236  out of  27288     0%  

Slice Logic Distribution: 
 Number of LUT Flip Flop pairs used:    279
   Number with an unused Flip Flop:     119  out of    279    42%  
   Number with an unused LUT:            43  out of    279    15%  
   Number of fully used LUT-FF pairs:   117  out of    279    41%  
   Number of unique control sets:        18

IO Utilization: 
 Number of IOs:                          28
 Number of bonded IOBs:                  28  out of    358     7%  

Specific Feature Utilization:
 Number of Block RAM/FIFO:                3  out of    116     2%  
    Number using Block RAM only:          3
 Number of BUFG/BUFGCTRLs:                1  out of     16     6%  
 Number of DSP48A1s:                      4  out of     58     6%  

---------------------------
Partition Resource Summary:
---------------------------

  No Partitions were found in this design.

---------------------------


=========================================================================
Timing Report

NOTE: THESE TIMING NUMBERS ARE ONLY A SYNTHESIS ESTIMATE.
      FOR ACCURATE TIMING INFORMATION PLEASE REFER TO THE TRACE REPORT
      GENERATED AFTER PLACE-and-ROUTE.

Clock Information:
------------------
-----------------------------------+------------------------+-------+
Clock Signal                       | Clock buffer(FF name)  | Load  |
-----------------------------------+------------------------+-------+
clk_in                             | DCM_SP:CLKFX           | 167   |
-----------------------------------+------------------------+-------+

Asynchronous Control Signals Information:
----------------------------------------
No asynchronous control signals found in this design

Timing Summary:
---------------
Speed Grade: -3

   Minimum period: 36.854ns (Maximum Frequency: 27.134MHz)
   Minimum input arrival time before clock: No path found
   Maximum output required time after clock: 3.820ns
   Maximum combinational path delay: No path found

Timing Details:
---------------
All values displayed in nanoseconds (ns)

=========================================================================
Timing constraint: Default period analysis for Clock 'clk_in'
  Clock period: 36.854ns (frequency: 27.134MHz)
  Total number of paths / destination ports: 4535 / 427
-------------------------------------------------------------------------
Delay:               8.190ns (Levels of Logic = 14)
  Source:            XLXI_51/Maddsub_VPOS[6]_PWR_19_o_MuLt_7_OUT (DSP)
  Destination:       XLXI_51/signal_ram_address_12 (FF)
  Source Clock:      clk_in rising 4.5X
  Destination Clock: clk_in rising 4.5X

  Data Path: XLXI_51/Maddsub_VPOS[6]_PWR_19_o_MuLt_7_OUT to XLXI_51/signal_ram_address_12
                                Gate     Net
    Cell:in->out      fanout   Delay   Delay  Logical Name (Net Name)
    ----------------------------------------  ------------
     DSP48A1:CLK->P0       1   6.742   0.580  XLXI_51/Maddsub_VPOS[6]_PWR_19_o_MuLt_7_OUT (XLXI_51/n0090<0>)
     LUT1:I0->O            1   0.205   0.000  XLXI_51/Msub_BUS_0003_GND_56_o_sub_10_OUT_cy<0>_rt (XLXI_51/Msub_BUS_0003_GND_56_o_sub_10_OUT_cy<0>_rt)
     MUXCY:S->O            1   0.172   0.000  XLXI_51/Msub_BUS_0003_GND_56_o_sub_10_OUT_cy<0> (XLXI_51/Msub_BUS_0003_GND_56_o_sub_10_OUT_cy<0>)
     MUXCY:CI->O           1   0.019   0.000  XLXI_51/Msub_BUS_0003_GND_56_o_sub_10_OUT_cy<1> (XLXI_51/Msub_BUS_0003_GND_56_o_sub_10_OUT_cy<1>)
     MUXCY:CI->O           1   0.019   0.000  XLXI_51/Msub_BUS_0003_GND_56_o_sub_10_OUT_cy<2> (XLXI_51/Msub_BUS_0003_GND_56_o_sub_10_OUT_cy<2>)
     MUXCY:CI->O           1   0.019   0.000  XLXI_51/Msub_BUS_0003_GND_56_o_sub_10_OUT_cy<3> (XLXI_51/Msub_BUS_0003_GND_56_o_sub_10_OUT_cy<3>)
     MUXCY:CI->O           1   0.019   0.000  XLXI_51/Msub_BUS_0003_GND_56_o_sub_10_OUT_cy<4> (XLXI_51/Msub_BUS_0003_GND_56_o_sub_10_OUT_cy<4>)
     MUXCY:CI->O           1   0.019   0.000  XLXI_51/Msub_BUS_0003_GND_56_o_sub_10_OUT_cy<5> (XLXI_51/Msub_BUS_0003_GND_56_o_sub_10_OUT_cy<5>)
     MUXCY:CI->O           1   0.019   0.000  XLXI_51/Msub_BUS_0003_GND_56_o_sub_10_OUT_cy<6> (XLXI_51/Msub_BUS_0003_GND_56_o_sub_10_OUT_cy<6>)
     MUXCY:CI->O           1   0.019   0.000  XLXI_51/Msub_BUS_0003_GND_56_o_sub_10_OUT_cy<7> (XLXI_51/Msub_BUS_0003_GND_56_o_sub_10_OUT_cy<7>)
     MUXCY:CI->O           1   0.019   0.000  XLXI_51/Msub_BUS_0003_GND_56_o_sub_10_OUT_cy<8> (XLXI_51/Msub_BUS_0003_GND_56_o_sub_10_OUT_cy<8>)
     MUXCY:CI->O           1   0.019   0.000  XLXI_51/Msub_BUS_0003_GND_56_o_sub_10_OUT_cy<9> (XLXI_51/Msub_BUS_0003_GND_56_o_sub_10_OUT_cy<9>)
     MUXCY:CI->O           1   0.019   0.000  XLXI_51/Msub_BUS_0003_GND_56_o_sub_10_OUT_cy<10> (XLXI_51/Msub_BUS_0003_GND_56_o_sub_10_OUT_cy<10>)
     MUXCY:CI->O           0   0.019   0.000  XLXI_51/Msub_BUS_0003_GND_56_o_sub_10_OUT_cy<11> (XLXI_51/Msub_BUS_0003_GND_56_o_sub_10_OUT_cy<11>)
     XORCY:CI->O           1   0.180   0.000  XLXI_51/Msub_BUS_0003_GND_56_o_sub_10_OUT_xor<12> (XLXI_51/BUS_0003_GND_56_o_sub_10_OUT<12>)
     FDE:D                     0.102          XLXI_51/signal_ram_address_12
    ----------------------------------------
    Total                      8.190ns (7.610ns logic, 0.580ns route)
                                       (92.9% logic, 7.1% route)

=========================================================================
Timing constraint: Default OFFSET OUT AFTER for Clock 'clk_in'
  Total number of paths / destination ports: 26 / 26
-------------------------------------------------------------------------
Offset:              3.820ns (Levels of Logic = 1)
  Source:            XLXI_27/blue_0 (FF)
  Destination:       blue<7> (PAD)
  Source Clock:      clk_in rising 4.5X

  Data Path: XLXI_27/blue_0 to blue<7>
                                Gate     Net
    Cell:in->out      fanout   Delay   Delay  Logical Name (Net Name)
    ----------------------------------------  ------------
     FDRE:C->Q             8   0.447   0.802  XLXI_27/blue_0 (XLXI_27/blue_0)
     OBUF:I->O                 2.571          blue_7_OBUF (blue<7>)
    ----------------------------------------
    Total                      3.820ns (3.018ns logic, 0.802ns route)
                                       (79.0% logic, 21.0% route)

=========================================================================

Cross Clock Domains Report:
--------------------------

Clock to Setup on destination clock clk_in
---------------+---------+---------+---------+---------+
               | Src:Rise| Src:Fall| Src:Rise| Src:Fall|
Source Clock   |Dest:Rise|Dest:Rise|Dest:Fall|Dest:Fall|
---------------+---------+---------+---------+---------+
clk_in         |    8.190|         |         |         |
---------------+---------+---------+---------+---------+

=========================================================================


Total REAL time to Xst completion: 6.00 secs
Total CPU time to Xst completion: 6.71 secs
 
--> 

Total memory usage is 213192 kilobytes

Number of errors   :    0 (   0 filtered)
Number of warnings :  220 (   0 filtered)
Number of infos    :   32 (   0 filtered)

