--------------------------------------------------------------------------------
Release 14.7 Trace  (nt)
Copyright (c) 1995-2013 Xilinx, Inc.  All rights reserved.

C:\Xilinx\14.7\ISE_DS\ISE\bin\nt\unwrapped\trce.exe -intstyle ise -v 3 -s 3 -n
3 -fastpaths -xml gesamt.twx gesamt.ncd -o gesamt.twr gesamt.pcf -ucf
gesamt.ucf

Design file:              gesamt.ncd
Physical constraint file: gesamt.pcf
Device,package,speed:     xc6slx45,fgg676,C,-3 (PRODUCTION 1.23 2013-10-13)
Report level:             verbose report

Environment Variable      Effect 
--------------------      ------ 
NONE                      No environment variables were set
--------------------------------------------------------------------------------

INFO:Timing:2698 - No timing constraints found, doing default enumeration.
INFO:Timing:3412 - To improve timing, see the Timing Closure User Guide (UG612).
INFO:Timing:2752 - To get complete path coverage, use the unconstrained paths 
   option. All paths that are not constrained will be reported in the 
   unconstrained paths section(s) of the report.
INFO:Timing:3339 - The clock-to-out numbers in this timing report are based on 
   a 50 Ohm transmission line loading model.  For the details of this model, 
   and for more information on accounting for different loading conditions, 
   please see the device datasheet.



Data Sheet report:
-----------------
All values displayed in nanoseconds (ns)

Clock clk_in to Pad
------------+-----------------+------------+-----------------+------------+------------------+--------+
            |Max (slowest) clk|  Process   |Min (fastest) clk|  Process   |                  | Clock  |
Destination |  (edge) to PAD  |   Corner   |  (edge) to PAD  |   Corner   |Internal Clock(s) | Phase  |
------------+-----------------+------------+-----------------+------------+------------------+--------+
blue<0>     |        11.373(R)|      SLOW  |         6.434(R)|      FAST  |XLXN_65           |   0.000|
blue<1>     |        11.534(R)|      SLOW  |         6.531(R)|      FAST  |XLXN_65           |   0.000|
blue<2>     |         9.963(R)|      SLOW  |         5.614(R)|      FAST  |XLXN_65           |   0.000|
blue<3>     |        11.041(R)|      SLOW  |         6.267(R)|      FAST  |XLXN_65           |   0.000|
blue<4>     |        10.901(R)|      SLOW  |         6.169(R)|      FAST  |XLXN_65           |   0.000|
blue<5>     |        10.297(R)|      SLOW  |         5.872(R)|      FAST  |XLXN_65           |   0.000|
blue<6>     |        11.611(R)|      SLOW  |         6.608(R)|      FAST  |XLXN_65           |   0.000|
blue<7>     |        11.478(R)|      SLOW  |         6.475(R)|      FAST  |XLXN_65           |   0.000|
clk_monitor |         8.157(R)|      SLOW  |         4.407(R)|      FAST  |XLXN_65           |   0.000|
            |         8.132(F)|      SLOW  |         4.341(F)|      FAST  |XLXN_65           |   0.000|
green<0>    |        12.744(R)|      SLOW  |         7.308(R)|      FAST  |XLXN_65           |   0.000|
green<1>    |        11.485(R)|      SLOW  |         6.565(R)|      FAST  |XLXN_65           |   0.000|
green<2>    |        11.354(R)|      SLOW  |         6.472(R)|      FAST  |XLXN_65           |   0.000|
green<3>    |        11.389(R)|      SLOW  |         6.510(R)|      FAST  |XLXN_65           |   0.000|
green<4>    |        11.008(R)|      SLOW  |         6.212(R)|      FAST  |XLXN_65           |   0.000|
green<5>    |        11.132(R)|      SLOW  |         6.329(R)|      FAST  |XLXN_65           |   0.000|
green<6>    |        11.008(R)|      SLOW  |         6.212(R)|      FAST  |XLXN_65           |   0.000|
green<7>    |        10.540(R)|      SLOW  |         5.895(R)|      FAST  |XLXN_65           |   0.000|
red<0>      |        12.995(R)|      SLOW  |         7.543(R)|      FAST  |XLXN_65           |   0.000|
red<1>      |        12.890(R)|      SLOW  |         7.479(R)|      FAST  |XLXN_65           |   0.000|
red<2>      |        12.601(R)|      SLOW  |         7.292(R)|      FAST  |XLXN_65           |   0.000|
red<3>      |        12.622(R)|      SLOW  |         7.310(R)|      FAST  |XLXN_65           |   0.000|
red<4>      |        12.810(R)|      SLOW  |         7.437(R)|      FAST  |XLXN_65           |   0.000|
red<5>      |        12.225(R)|      SLOW  |         7.007(R)|      FAST  |XLXN_65           |   0.000|
red<6>      |        12.124(R)|      SLOW  |         6.958(R)|      FAST  |XLXN_65           |   0.000|
red<7>      |        12.108(R)|      SLOW  |         6.954(R)|      FAST  |XLXN_65           |   0.000|
sync_hor    |        11.014(R)|      SLOW  |         6.226(R)|      FAST  |XLXN_65           |   0.000|
sync_vert   |        11.128(R)|      SLOW  |         6.305(R)|      FAST  |XLXN_65           |   0.000|
------------+-----------------+------------+-----------------+------------+------------------+--------+

Clock to Setup on destination clock clk_in
---------------+---------+---------+---------+---------+
               | Src:Rise| Src:Fall| Src:Rise| Src:Fall|
Source Clock   |Dest:Rise|Dest:Rise|Dest:Fall|Dest:Fall|
---------------+---------+---------+---------+---------+
clk_in         |    7.442|         |         |         |
---------------+---------+---------+---------+---------+


Analysis completed Tue Jul 11 01:58:05 2017 
--------------------------------------------------------------------------------

Trace Settings:
-------------------------
Trace Settings 

Peak Memory Usage: 187 MB



